Info in <TGeoManager::TGeoManager>: Geometry default, Detector Geometry created
Info in <TGeoNavigator::BuildCache>: --- Maximum geometry depth set to 100
Info in <TGeoManager::SetTopVolume>: Top volume is world_volume. Master volume is world_volume
Info in <TGeoManager::CheckGeometry>: Fixing runtime shapes...
Info in <TGeoManager::CheckGeometry>: ...Nothing to fix
Info in <TGeoManager::CloseGeometry>: Counting nodes...
Info in <TGeoManager::Voxelize>: Voxelizing...
Info in <TGeoManager::CloseGeometry>: Building cache...
Info in <TGeoManager::CountLevels>: max level = 8, max placements = 21600
Info in <TGeoManager::CloseGeometry>: 260244571 nodes/ 36653 volume UID's in Detector Geometry
Info in <TGeoManager::CloseGeometry>: ----------------modeler ready----------------
--2025-06-06 09:25:32--  https://fccsw.web.cern.ch/fccsw/filesForSimDigiReco/IDEA/DataAlgFORGEANT.root
Resolving fccsw.web.cern.ch (fccsw.web.cern.ch)... 2001:1458:d00:61::100:1a4, 2001:1458:d00:62::100:2e8, 2001:1458:d00:65::100:265, ...
Connecting to fccsw.web.cern.ch (fccsw.web.cern.ch)|2001:1458:d00:61::100:1a4|:443... connected.
HTTP request sent, awaiting response... 200 OK
Length: 108801 (106K)
Saving to: 'DataAlgFORGEANT.root'

     0K .......... .......... .......... .......... .......... 47% 13.2M 0s
    50K .......... .......... .......... .......... .......... 94% 22.7M 0s
   100K ......                                                100% 13.3M=0.006s

2025-06-06 09:25:33 (16.4 MB/s) - 'DataAlgFORGEANT.root' saved [108801/108801]

