Info in <TGeoManager::TGeoManager>: Geometry default, Detector Geometry created
Info in <TGeoNavigator::BuildCache>: --- Maximum geometry depth set to 100
Info in <TGeoManager::SetTopVolume>: Top volume is world_volume. Master volume is world_volume
Info in <TGeoManager::CheckGeometry>: Fixing runtime shapes...
Info in <TGeoManager::CheckGeometry>: ...Nothing to fix
Info in <TGeoManager::CloseGeometry>: Counting nodes...
Info in <TGeoManager::Voxelize>: Voxelizing...
Info in <TGeoManager::CloseGeometry>: Building cache...
Info in <TGeoManager::CountLevels>: max level = 8, max placements = 21600
Info in <TGeoManager::CloseGeometry>: 260244571 nodes/ 36653 volume UID's in Detector Geometry
Info in <TGeoManager::CloseGeometry>: ----------------modeler ready----------------
File 'DataAlgFORGEANT.root' already there; not retrieving.

Traceback (most recent call last):
  File "/afs/cern.ch/user/a/adevita/public/workDir/Tracking_DC/data_creation/data_processing/IDEAv3/process_tree_global.py", line 58, in <module>
    n_hit, dic, list_of_MCs2 = store_hit_col_VTX_SIW(
                               ^^^^^^^^^^^^^^^^^^^^^^
  File "/afs/cern.ch/user/a/adevita/public/workDir/Tracking_DC/data_creation/data_processing/IDEAv3/tools_tree_global.py", line 589, in store_hit_col_VTX_SIW
    dc_hit_digi = hit_collections_digi[coll_number][dc_hit_index]
                  ~~~~~~~~~~~~~~~~~~~~~~~~~~~~~~~~~^^^^^^^^^^^^^^
  File "/cvmfs/sw-nightlies.hsf.org/key4hep/releases/2025-05-15/x86_64-almalinux9-gcc14.2.0-opt/podio/0cdf575df22f12b89ab679cd54f934a52500e1da_develop-6mrqzi/lib/python3.11/site-packages/podio/pythonizations/collection_subscript.py", line 49, in get_item
    raise IndexError("collection index out of range") from None
IndexError: collection index out of range
