ERROR in cling::CIFactory::createCI(): cannot extract standard library include paths!
Invoking:
  LC_ALL=C /cvmfs/sw.hsf.org/contrib/x86_64-almalinux9-gcc11.4.1-opt/gcc/14.2.0-yuyjov/bin/g++    -xc++ -E -v /dev/null 2>&1 | sed -n -e '/^.include/,${' -e '/^ \/.*++/p' -e '}'
Results was:
With exit code 0
ERROR in cling::CIFactory::createCI(): cannot extract standard library include paths!
Invoking:
  LC_ALL=C /cvmfs/sw.hsf.org/contrib/x86_64-almalinux9-gcc11.4.1-opt/gcc/14.2.0-yuyjov/bin/g++    -xc++ -E -v /dev/null 2>&1 | sed -n -e '/^.include/,${' -e '/^ \/.*++/p' -e '}'
Results was:
With exit code 0
Info in <TGeoManager::TGeoManager>: Geometry default, Detector Geometry created
Info in <TGeoNavigator::BuildCache>: --- Maximum geometry depth set to 100
Info in <TGeoManager::SetTopVolume>: Top volume is world_volume. Master volume is world_volume
Info in <TGeoManager::CheckGeometry>: Fixing runtime shapes...
Info in <TGeoManager::CheckGeometry>: ...Nothing to fix
Info in <TGeoManager::CloseGeometry>: Counting nodes...
Info in <TGeoManager::Voxelize>: Voxelizing...
Info in <TGeoManager::CloseGeometry>: Building cache...
Info in <TGeoManager::CountLevels>: max level = 8, max placements = 21600
Info in <TGeoManager::CloseGeometry>: 260244571 nodes/ 36653 volume UID's in Detector Geometry
Info in <TGeoManager::CloseGeometry>: ----------------modeler ready----------------
File 'DataAlgFORGEANT.root' already there; not retrieving.

ERROR in cling::CIFactory::createCI(): cannot extract standard library include paths!
Invoking:
  LC_ALL=C /cvmfs/sw.hsf.org/contrib/x86_64-almalinux9-gcc11.4.1-opt/gcc/14.2.0-yuyjov/bin/g++    -xc++ -E -v /dev/null 2>&1 | sed -n -e '/^.include/,${' -e '/^ \/.*++/p' -e '}'
Results was:
With exit code 0
ERROR in cling::CIFactory::createCI(): cannot extract standard library include paths!
Invoking:
  LC_ALL=C /cvmfs/sw.hsf.org/contrib/x86_64-almalinux9-gcc11.4.1-opt/gcc/14.2.0-yuyjov/bin/g++    -xc++ -E -v /dev/null 2>&1 | sed -n -e '/^.include/,${' -e '/^ \/.*++/p' -e '}'
Results was:
With exit code 0
